

==================================================================================
=== CALIBRE::DRC-H SUMMARY REPORT
===
Execution Date/Time:       Thu Dec 23 12:33:44 2021
Calibre Version:           v2021.2_37.20    Tue Jun 1 14:42:29 PDT 2021
Rule File Pathname:        /home/u1081888/TIGFET-10nm-PDK/calibre/runset/Standard_Cell_Library/N2/G4_XOR2_N2/DRC/_calibreDRC.rul_
Rule File Title:           
Layout System:             GDS
Layout Path(s):            G4_XOR2_N2.calibre.db
Layout Primary Cell:       G4_XOR2_N2
Current Directory:         /home/u1081888/TIGFET-10nm-PDK/calibre/runset/Standard_Cell_Library/N2/G4_XOR2_N2/DRC
User Name:                 u1081888
Maximum Results/RuleCheck: 1000
Maximum Result Vertices:   4096
DRC Results Database:      G4_XOR2_N2.drc.results (ASCII)
Layout Depth:              ALL
Text Depth:                PRIMARY
Summary Report File:       G4_XOR2_N2.drc.summary (REPLACE)
Geometry Flagging:         ACUTE = NO  SKEW = NO  ANGLED = NO  OFFGRID = NO
                           NONSIMPLE POLYGON = NO  NONSIMPLE PATH = NO
Excluded Cells:           
CheckText Mapping:         COMMENT TEXT + RULE FILE INFORMATION
Layers:                    MEMORY-BASED
Keep Empty Checks:         YES
----------------------------------------------------------------------------------
--- RUNTIME WARNINGS
---
----------------------------------------------------------------------------------
--- ORIGINAL LAYER STATISTICS
---
LAYER IL ..... TOTAL Original Geometry Count = 22 (22)
LAYER SDC .... TOTAL Original Geometry Count = 2  (16)
LAYER GATE ... TOTAL Original Geometry Count = 20 (41)
LAYER VM0 .... TOTAL Original Geometry Count = 22 (22)
LAYER M1 ..... TOTAL Original Geometry Count = 31 (31)
LAYER VM1 .... TOTAL Original Geometry Count = 5  (5)
LAYER M2 ..... TOTAL Original Geometry Count = 9  (9)
LAYER VM2 .... TOTAL Original Geometry Count = 4  (4)
LAYER M3 ..... TOTAL Original Geometry Count = 2  (2)
LAYER ACT .... TOTAL Original Geometry Count = 7  (14)
LAYER GC ..... TOTAL Original Geometry Count = 10 (10)
LAYER VM3 .... TOTAL Original Geometry Count = 0  (0)
LAYER M4 ..... TOTAL Original Geometry Count = 0  (0)
LAYER VM4 .... TOTAL Original Geometry Count = 0  (0)
LAYER M5 ..... TOTAL Original Geometry Count = 0  (0)
LAYER VM5 .... TOTAL Original Geometry Count = 0  (0)
LAYER M6 ..... TOTAL Original Geometry Count = 0  (0)
LAYER VM6 .... TOTAL Original Geometry Count = 0  (0)
LAYER M7 ..... TOTAL Original Geometry Count = 0  (0)
LAYER VM7 .... TOTAL Original Geometry Count = 0  (0)
LAYER M8 ..... TOTAL Original Geometry Count = 0  (0)
LAYER VM8 .... TOTAL Original Geometry Count = 0  (0)
LAYER M9 ..... TOTAL Original Geometry Count = 0  (0)
LAYER VM9 .... TOTAL Original Geometry Count = 0  (0)
LAYER M10 .... TOTAL Original Geometry Count = 0  (0)
----------------------------------------------------------------------------------
--- RULECHECK RESULTS STATISTICS
---
RULECHECK RULE_ACT001 .... TOTAL Result Count = 0 (0)
RULECHECK RULE_ACT003 .... TOTAL Result Count = 0 (0)
RULECHECK RULE_ACT004 .... TOTAL Result Count = 0 (0)
RULECHECK RULE_ACT005 .... TOTAL Result Count = 0 (0)
RULECHECK RULE_ACT006 .... TOTAL Result Count = 0 (0)
RULECHECK RULE_ACT008A ... TOTAL Result Count = 0 (0)
RULECHECK RULE_ACT008B ... TOTAL Result Count = 0 (0)
RULECHECK RULE_GATE001 ... TOTAL Result Count = 0 (0)
RULECHECK RULE_GATE005 ... TOTAL Result Count = 0 (0)
RULECHECK RULE_GATE006 ... TOTAL Result Count = 0 (0)
RULECHECK RULE_SDC001 .... TOTAL Result Count = 0 (0)
RULECHECK RULE_SDC002 .... TOTAL Result Count = 0 (0)
RULECHECK RULE_SDC003A ... TOTAL Result Count = 0 (0)
RULECHECK RULE_SDC004 .... TOTAL Result Count = 0 (0)
RULECHECK RULE_SDC005 .... TOTAL Result Count = 0 (0)
RULECHECK RULE_SDC006 .... TOTAL Result Count = 0 (0)
RULECHECK RULE_SDC007 .... TOTAL Result Count = 0 (0)
RULECHECK RULE_SDC008 .... TOTAL Result Count = 0 (0)
RULECHECK RULE_IL001 ..... TOTAL Result Count = 0 (0)
RULECHECK RULE_IL002 ..... TOTAL Result Count = 0 (0)
RULECHECK RULE_IL004 ..... TOTAL Result Count = 0 (0)
RULECHECK RULE_IL005 ..... TOTAL Result Count = 0 (0)
RULECHECK RULE_IL006 ..... TOTAL Result Count = 0 (0)
RULECHECK RULE_IL007 ..... TOTAL Result Count = 0 (0)
RULECHECK RULE_GC001 ..... TOTAL Result Count = 0 (0)
RULECHECK RULE_GC002 ..... TOTAL Result Count = 0 (0)
RULECHECK RULE_GC003 ..... TOTAL Result Count = 0 (0)
RULECHECK RULE_GC004 ..... TOTAL Result Count = 0 (0)
RULECHECK RULE_GC005 ..... TOTAL Result Count = 0 (0)
RULECHECK RULE_GC006 ..... TOTAL Result Count = 0 (0)
RULECHECK RULE_GC007 ..... TOTAL Result Count = 0 (0)
RULECHECK RULE_GC008 ..... TOTAL Result Count = 0 (0)
RULECHECK RULE_GC009A .... TOTAL Result Count = 0 (0)
RULECHECK RULE_GC010 ..... TOTAL Result Count = 0 (0)
RULECHECK RULE_GC011 ..... TOTAL Result Count = 0 (0)
RULECHECK RULE_GC012 ..... TOTAL Result Count = 0 (0)
RULECHECK RULE_VM001 ..... TOTAL Result Count = 0 (0)
RULECHECK RULE_VM002 ..... TOTAL Result Count = 0 (0)
RULECHECK RULE_VM003 ..... TOTAL Result Count = 0 (0)
RULECHECK RULE_VM004 ..... TOTAL Result Count = 0 (0)
RULECHECK RULE_VM005 ..... TOTAL Result Count = 0 (0)
RULECHECK RULE_M101 ...... TOTAL Result Count = 0 (0)
RULECHECK RULE_M102 ...... TOTAL Result Count = 0 (0)
RULECHECK RULE_M103 ...... TOTAL Result Count = 0 (0)
RULECHECK RULE_VM101 ..... TOTAL Result Count = 0 (0)
RULECHECK RULE_VM102 ..... TOTAL Result Count = 0 (0)
RULECHECK RULE_VM103 ..... TOTAL Result Count = 0 (0)
RULECHECK RULE_VM104 ..... TOTAL Result Count = 0 (0)
RULECHECK RULE_VM105 ..... TOTAL Result Count = 0 (0)
RULECHECK RULE_M201 ...... TOTAL Result Count = 0 (0)
RULECHECK RULE_M202 ...... TOTAL Result Count = 0 (0)
RULECHECK RULE_M203 ...... TOTAL Result Count = 0 (0)
RULECHECK RULE_VM201 ..... TOTAL Result Count = 0 (0)
RULECHECK RULE_VM202 ..... TOTAL Result Count = 0 (0)
RULECHECK RULE_VM203 ..... TOTAL Result Count = 0 (0)
RULECHECK RULE_VM204 ..... TOTAL Result Count = 0 (0)
RULECHECK RULE_VM205 ..... TOTAL Result Count = 0 (0)
RULECHECK RULE_M301 ...... TOTAL Result Count = 0 (0)
RULECHECK RULE_M302 ...... TOTAL Result Count = 0 (0)
RULECHECK RULE_M303 ...... TOTAL Result Count = 0 (0)
----------------------------------------------------------------------------------
--- RULECHECK RESULTS STATISTICS (BY CELL)
---
----------------------------------------------------------------------------------
--- SUMMARY
---
TOTAL CPU Time:                  0
TOTAL REAL Time:                 0
TOTAL Original Layer Geometries: 134 (176)
TOTAL DRC RuleChecks Executed:   60
TOTAL DRC Results Generated:     0 (0)
